// Jest Snapshot v1, https://goo.gl/fbAQLP

exports[`<LandingPage /> snapshot 1`] = `
<div
  className="landingPage"
>
  <h1>
    User Directory
  </h1>
  <div
    id="browseButton"
  >
    <Link
      id="browseLink"
      to="/user-list"
    >
      Browse Directory
    </Link>
  </div>
</div>
`;
